"","x"
"1","PPBP"
"2","LYZ"
"3","S100A9"
"4","IGLL5"
"5","GNLY"
"6","FTL"
"7","PF4"
"8","FTH1"
"9","GNG11"
"10","S100A8"
